..\..\Release\bin\FSharp.Compiler.CodeDom.dll bin
..\..\Release\bin\FSharp.Compiler.CodeDom.dll bin\gac
..\..\Release\bin\FSharp.Compiler.CodeDom.pdb bin
..\..\Release\bin\FSharp.Compiler.CodeDom.xml bin
..\..\Release\bin\FSharp.PowerPack.Build.Tasks.dll bin
..\..\Release\bin\FSharp.PowerPack.Build.Tasks.pdb bin
..\..\Release\bin\FSharp.PowerPack.Build.Tasks.xml bin
..\..\Release\bin\FSharp.PowerPack.dll bin
..\..\Release\bin\FSharp.PowerPack.pdb bin
..\..\Release\bin\FSharp.PowerPack.xml bin
..\..\Release\bin\FSharp.PowerPack.dll bin\gac
..\..\Release\bin\FSharp.PowerPack.Compatibility.dll bin
..\..\Release\bin\FSharp.PowerPack.Compatibility.pdb bin
..\..\Release\bin\FSharp.PowerPack.Compatibility.xml bin
..\..\Release\bin\FSharp.PowerPack.Compatibility.dll bin\gac
..\..\Release\bin\FSharp.PowerPack.Linq.dll bin
..\..\Release\bin\FSharp.PowerPack.Linq.dll bin\gac
..\..\Release\bin\FSharp.PowerPack.Linq.pdb bin
..\..\Release\bin\FSharp.PowerPack.Linq.xml bin
..\..\Release\bin\FSharp.PowerPack.Metadata.dll bin
..\..\Release\bin\FSharp.PowerPack.Metadata.dll bin\gac
..\..\Release\bin\FSharp.PowerPack.Metadata.pdb bin
..\..\Release\bin\FSharp.PowerPack.Metadata.xml bin
..\..\Release\bin\FSharp.PowerPack.Parallel.Seq.dll bin
..\..\Release\bin\FSharp.PowerPack.Parallel.Seq.dll bin\gac
..\..\Release\bin\FSharp.PowerPack.Parallel.Seq.pdb bin
..\..\Release\bin\FSharp.PowerPack.Parallel.Seq.xml bin
..\..\Release\bin\fshtmldoc.exe bin
..\..\Release\bin\fslex.exe bin
..\..\Release\bin\fsyacc.exe bin
..\FSharp.PowerPack.Build.Tasks\FSharp.PowerPack.targets bin
..\..\Silverlight\v3.0\Release\bin\FSharp.PowerPack.dll Silverlight\v3.0
..\..\Silverlight\v3.0\Release\bin\FSharp.PowerPack.pdb Silverlight\v3.0
..\..\Silverlight\v3.0\Release\bin\FSharp.PowerPack.Compatibility.dll Silverlight\v3.0
..\..\Silverlight\v3.0\Release\bin\FSharp.PowerPack.Compatibility.pdb Silverlight\v3.0
..\..\Silverlight\v4.0\Release\bin\FSharp.PowerPack.dll Silverlight\v4.0
..\..\Silverlight\v4.0\Release\bin\FSharp.PowerPack.pdb Silverlight\v4.0
..\..\Silverlight\v4.0\Release\bin\FSharp.PowerPack.Compatibility.dll Silverlight\v4.0
..\..\Silverlight\v4.0\Release\bin\FSharp.PowerPack.Compatibility.pdb Silverlight\v4.0

License.rtf .
